﻿
> build
> vinxi build

[2m[34mvinxi[39m[22m [2m[33mv0.5.11[39m[22m
node.exe : file:///C:/Users/elfakir/Desktop/Location%20project%20(3)/Location%20project/node_modules/@tanstack/start-co
nfig/dist/esm/vinxi-file-router.js:2
En línea: 1 Carácter: 1
+ & "C:\Program Files\nodejs/node.exe" "C:\Users\elfakir\AppData\Roamin ...
+ ~~~~~~~~~~~~~~~~~~~~~~~~~~~~~~~~~~~~~~~~~~~~~~~~~~~~~~~~~~~~~~~~~~~~~
    + CategoryInfo          : NotSpecified: (file:///C:/User...ile-router.js:2:String) [], RemoteException
    + FullyQualifiedErrorId : NativeCommandError
 
import { CONSTANTS as GENERATOR_CONSTANTS, startAPIRouteSegmentsFromTSRFilePath, } from '@tanstack/router-generator';
         ^^^^^^^^^
SyntaxError: The requested module '@tanstack/router-generator' does not provide an export named 'CONSTANTS'
    at #asyncInstantiate (node:internal/modules/esm/module_job:319:21)
    at process.processTicksAndRejections (node:internal/process/task_queues:104:5)
    at async ModuleJob.run (node:internal/modules/esm/module_job:422:5)
    at async onImport.tracePromise.__proto__ (node:internal/modules/esm/loader:661:26)
    at async loadFile 
(file:///C:/Users/elfakir/Desktop/Location%20project%20(3)/Location%20project/node_modules/vinxi/lib/load-app.js:83:25)
    at async loadApp (file:///C:/Users/elfakir/Desktop/Location%20project%20(3)/Location%20project/node_modules/vinxi/l
ib/load-app.js:137:19)
    at async Object.run 
(file:///C:/Users/elfakir/Desktop/Location%20project%20(3)/Location%20project/node_modules/vinxi/bin/cli.mjs:238:18)
    at async runCommand 
(file:///C:/Users/elfakir/Desktop/Location%20project%20(3)/Location%20project/node_modules/citty/dist/index.mjs:316:16)
    at async runCommand 
(file:///C:/Users/elfakir/Desktop/Location%20project%20(3)/Location%20project/node_modules/citty/dist/index.mjs:307:11)
    at async runMain 
(file:///C:/Users/elfakir/Desktop/Location%20project%20(3)/Location%20project/node_modules/citty/dist/index.mjs:445:7)
Build failed: Error: Couldn't load app
    at Object.run 
(file:///C:/Users/elfakir/Desktop/Location%20project%20(3)/Location%20project/node_modules/vinxi/bin/cli.mjs:242:13)
    at process.processTicksAndRejections (node:internal/process/task_queues:104:5)
    at async runCommand 
(file:///C:/Users/elfakir/Desktop/Location%20project%20(3)/Location%20project/node_modules/citty/dist/index.mjs:316:16)
    at async runCommand 
(file:///C:/Users/elfakir/Desktop/Location%20project%20(3)/Location%20project/node_modules/citty/dist/index.mjs:307:11)
    at async runMain 
(file:///C:/Users/elfakir/Desktop/Location%20project%20(3)/Location%20project/node_modules/citty/dist/index.mjs:445:7)
